// Jest Snapshot v1, https://goo.gl/fbAQLP

exports[`renders correctly 1`] = `
<div
  className="gallery"
>
  <h1
    className="title"
  >
    Cats gallery
  </h1>
  <div
    className="SpinnerDiv"
  >
    <div>
      <div
        className="react-spinner-loader-svg"
      >
        <svg
          height="100"
          id="triangle"
          viewBox="-3 -4 39 39"
          width="100"
        >
          <polygon
            fill="transparent"
            points="16,0 32,32 0,32"
            stroke="#00BFFF"
            strokeWidth="1"
          />
        </svg>
      </div>
    </div>
  </div>
  <ul
    className="list"
  >
    <div
      className="MessagePasDeChat"
    >
      Bienvenue, Il n'y a pas de chats pour l'instant. Nous allons les chercher, veuillez patienter.
    </div>
  </ul>
</div>
`;
